Parameters {
	Size 0.0 0.0 0.0 128.0 128.0 128.0
}
D:/FEI-OpenInv/teddybear/teddybear000.jpg
D:/FEI-OpenInv/teddybear/teddybear001.jpg
D:/FEI-OpenInv/teddybear/teddybear002.jpg
D:/FEI-OpenInv/teddybear/teddybear003.jpg
D:/FEI-OpenInv/teddybear/teddybear004.jpg
D:/FEI-OpenInv/teddybear/teddybear005.jpg
D:/FEI-OpenInv/teddybear/teddybear006.jpg
D:/FEI-OpenInv/teddybear/teddybear007.jpg
D:/FEI-OpenInv/teddybear/teddybear008.jpg
D:/FEI-OpenInv/teddybear/teddybear009.jpg
D:/FEI-OpenInv/teddybear/teddybear010.jpg
D:/FEI-OpenInv/teddybear/teddybear011.jpg
D:/FEI-OpenInv/teddybear/teddybear012.jpg
D:/FEI-OpenInv/teddybear/teddybear013.jpg
D:/FEI-OpenInv/teddybear/teddybear014.jpg
D:/FEI-OpenInv/teddybear/teddybear015.jpg
D:/FEI-OpenInv/teddybear/teddybear016.jpg
D:/FEI-OpenInv/teddybear/teddybear017.jpg
D:/FEI-OpenInv/teddybear/teddybear018.jpg
D:/FEI-OpenInv/teddybear/teddybear019.jpg
D:/FEI-OpenInv/teddybear/teddybear020.jpg
D:/FEI-OpenInv/teddybear/teddybear021.jpg
D:/FEI-OpenInv/teddybear/teddybear022.jpg
D:/FEI-OpenInv/teddybear/teddybear023.jpg
D:/FEI-OpenInv/teddybear/teddybear024.jpg
D:/FEI-OpenInv/teddybear/teddybear025.jpg
D:/FEI-OpenInv/teddybear/teddybear026.jpg
D:/FEI-OpenInv/teddybear/teddybear027.jpg
D:/FEI-OpenInv/teddybear/teddybear028.jpg
D:/FEI-OpenInv/teddybear/teddybear029.jpg
D:/FEI-OpenInv/teddybear/teddybear030.jpg
D:/FEI-OpenInv/teddybear/teddybear031.jpg
D:/FEI-OpenInv/teddybear/teddybear032.jpg
D:/FEI-OpenInv/teddybear/teddybear033.jpg
D:/FEI-OpenInv/teddybear/teddybear034.jpg
D:/FEI-OpenInv/teddybear/teddybear035.jpg
D:/FEI-OpenInv/teddybear/teddybear036.jpg
D:/FEI-OpenInv/teddybear/teddybear037.jpg
D:/FEI-OpenInv/teddybear/teddybear038.jpg
D:/FEI-OpenInv/teddybear/teddybear039.jpg
D:/FEI-OpenInv/teddybear/teddybear040.jpg
D:/FEI-OpenInv/teddybear/teddybear041.jpg
D:/FEI-OpenInv/teddybear/teddybear042.jpg
D:/FEI-OpenInv/teddybear/teddybear043.jpg
D:/FEI-OpenInv/teddybear/teddybear044.jpg
D:/FEI-OpenInv/teddybear/teddybear045.jpg
D:/FEI-OpenInv/teddybear/teddybear046.jpg
D:/FEI-OpenInv/teddybear/teddybear047.jpg
D:/FEI-OpenInv/teddybear/teddybear048.jpg
D:/FEI-OpenInv/teddybear/teddybear049.jpg
D:/FEI-OpenInv/teddybear/teddybear050.jpg
D:/FEI-OpenInv/teddybear/teddybear051.jpg
D:/FEI-OpenInv/teddybear/teddybear052.jpg
D:/FEI-OpenInv/teddybear/teddybear053.jpg
D:/FEI-OpenInv/teddybear/teddybear054.jpg
D:/FEI-OpenInv/teddybear/teddybear055.jpg
D:/FEI-OpenInv/teddybear/teddybear056.jpg
D:/FEI-OpenInv/teddybear/teddybear057.jpg
D:/FEI-OpenInv/teddybear/teddybear058.jpg
D:/FEI-OpenInv/teddybear/teddybear059.jpg
D:/FEI-OpenInv/teddybear/teddybear060.jpg
D:/FEI-OpenInv/teddybear/teddybear061.jpg
